// Jest Snapshot v1, https://goo.gl/fbAQLP

exports[`Button atom should render properly 1`] = `
<button
  class="sc-AxjAm jZuqhl"
  color="white"
/>
`;
