// Jest Snapshot v1, https://goo.gl/fbAQLP

exports[`atoms/text/Color component render properly 1`] = `
<span
  class="sc-AxjAm bojodx"
/>
`;
