// Jest Snapshot v1, https://goo.gl/fbAQLP

exports[`atoms/Avatar component render properly 1`] = `
<img
  class="sc-AxjAm jbsMNI"
/>
`;
